[CUPS] CANDIDATE (STRICT): ES1234567890123456XY (raw match: ES1234567890123456XY)
[FAIL] MOD529 validation failed for: ES1234567890123456XY
[FALLBACK] Trying without strict MOD529...
[WARN] Accepting without MOD529 validation: ES1234567890123456XY
[FINAL] CUPS VALUE: ES1234567890123456XY

================================================================================
FACTURA 285 - OCR EXTRACTION DEBUG
================================================================================
ATR: None
DÝas: 25
Potencia P1: None
Potencia P2: None
Consumo P1: 59.0
Consumo P2: 1.5
Consumo P3: 245.0
Importe: None
================================================================================

FULL RESULT:
{
  "cups": "ES1234567890123456XY",
  "consumo_kwh": 304.0,
  "fecha_inicio_consumo": "1 de enero",
  "fecha_fin_consumo": "2025-01-31",
  "dias_facturados": 25,
  "titular": "BONO SOCIAL: No",
  "dni": "90123456X",
  "consumo_p1_kwh": 59.0,
  "consumo_p2_kwh": 1.5,
  "consumo_p3_kwh": 245.0,
  "bono_social": true,
  "parsed_fields": {
    "cups": true,
    "fecha_inicio_consumo": true,
    "fecha_fin_consumo": true,
    "importe_factura": false,
    "atr": false,
    "consumo_p1_kwh": true,
    "consumo_p3_kwh": true,
    "consumo_p2_kwh": true,
    "consumo_p4_kwh": false,
    "consumo_p5_kwh": false,
    "consumo_p6_kwh": false,
    "bono_social": true
  },
  "detected_por_ocr": {
    "atr": false,
    "consumo_kwh": true,
    "importe": false,
    "telefono": false,
    "potencia_p1_kw": false,
    "potencia_p2_kw": false,
    "consumo_p1_kwh": true,
    "consumo_p2_kwh": true,
    "consumo_p3_kwh": true,
    "bono_social": true,
    "servicios_vinculados": false,
    "alquiler_contador": false,
    "impuesto_electrico": false,
    "iva": false,
    "iva_porcentaje": true,
    "total_factura": false
  },
  "extraction_summary": {
    "atr_source": null,
    "potencia_p1_source": null,
    "potencia_p2_source": null,
    "parse_warnings": []
  },
  "missing_fields": [
    "atr",
    "potencia_p1_kw",
    "potencia_p2_kw",
    "total_factura"
  ],
  "raw_text": "FACTURA No 285\nCUPS: ES1234567890123456XY\nPER\u00cdODO DE CONSUMO: 1 de enero a 31 de enero de 2025\nD\u00cdAS FACTURADOS: 31\n\nPotencia Contratada:\nP1: 3.3 kW\nP2: 1.5 kW\n\nConsumos:\nP1 (Punta): 59 kWh\nP2 (Llano): 0 kWh\nP3 (Valle): 245 kWh\nTOTAL CONSUMO: 304 kWh\n\nTOTAL FACTURA: \u20ac45.23\nATR: 2.0A\nBONO SOCIAL: No",
  "iva_porcentaje": 21.0
}
